// Jest Snapshot v1, https://goo.gl/fbAQLP

exports[`Home component renders 1`] = `
<div>
  <div
    class="ant-flex css-dev-only-do-not-override-1uq9j6g ant-flex-align-center ant-flex-justify-space-around ant-flex-vertical"
    style="width: 100%; height: 100vh;"
  >
    <div
      class="ant-flex css-dev-only-do-not-override-1uq9j6g ant-flex-align-stretch ant-flex-gap-middle ant-flex-vertical"
      style="width: 400px; border: 1px solid #1677ff; border-radius: 8px; padding: 72px;"
    >
      <button
        class="ant-btn css-dev-only-do-not-override-1uq9j6g ant-btn-primary"
        type="button"
      >
        <span>
          Create a new meeting
        </span>
      </button>
      <button
        class="ant-btn css-dev-only-do-not-override-1uq9j6g ant-btn-primary"
        type="button"
      >
        <span>
          Join a new meeting
        </span>
      </button>
    </div>
  </div>
</div>
`;
